// Jest Snapshot v1, https://goo.gl/fbAQLP

exports[`Search component Search connected snapshot test 1`] = `
Array [
  <header
    className="Header"
  >
    <a
      className="header_a"
      href="/"
    >
      <img
        alt=""
        className="home_logo"
        src="home_logo.png"
      />
      <h1
        className="title"
      >
         Annuaire des Anciens
      </h1>
    </a>
  </header>,
  <nav
    className="Nav"
  >
    <div
      className="Menu"
    >
      <a
        className="button"
        href="/"
      >
        accueil
      </a>
      <a
        className="button"
        href="/profile"
      >
        mon profil
      </a>
      <a
        className="button"
        href="/"
        onClick={[Function]}
      >
        se déconnecter
      </a>
    </div>
    <a
      className="help_link"
      href="/help"
    >
      <img
        alt=""
        className="help_icon"
        src="help_icon.png"
      />
    </a>
  </nav>,
  <section
    className="Search"
  >
    <div
      className="searchArea"
    >
      <div
        className="infoTitle"
      >
         Rechercher
      </div>
      <form
        className="searchForm"
      >
        <div
          className="firstNameDiv"
        >
           
          Prénom
           
        </div>
        <input
          className="firstNameInput"
          id="firstNameInput"
          type="text"
        />
        <div
          className="lastNameDiv"
        >
           
          Nom
           
        </div>
        <input
          className="lastNameInput"
          id="lastNameInput"
          type="text"
        />
        <div
          className="positionIdDiv"
        >
           
          Poste
           
        </div>
        <input
          className="positionIdInput"
          id="positionIdInput"
          type="text"
        />
        <div
          className="companyDiv"
        >
           
          Entreprise
           
        </div>
        <input
          className="companyInput"
          id="companyInput"
          type="text"
        />
        <div
          className="yearDiv"
        >
           
          Année
           
        </div>
        <input
          className="yearInput"
          id="yearInput"
          type="text"
        />
        <input
          className="searchInput"
          onClick={[Function]}
          type="submit"
          value="Rechercher"
        />
      </form>
    </div>
    <section
      className="MemberArray members"
    >
      <table>
        <caption>
          Liste des membres 
          
        </caption>
        <thead>
          <tr
            className="MemberDisplay undefined"
            onClick={[Function]}
          >
            <th
              className="firstName"
            >
              prénom
            </th>
            <th
              className="lastName"
            >
              nom
            </th>
            <th
              className="positionLabel"
            >
              poste
            </th>
            <th
              className="positionYear"
            >
              année
            </th>
          </tr>
        </thead>
        <tbody>
          <tr>
            <td />
            <td />
            <td />
            <td />
          </tr>
          <tr>
            <td />
            <td />
            <td />
            <td />
          </tr>
          <tr>
            <td />
            <td />
            <td />
            <td />
          </tr>
          <tr>
            <td />
            <td />
            <td />
            <td />
          </tr>
          <tr>
            <td />
            <td />
            <td />
            <td />
          </tr>
          <tr>
            <td />
            <td />
            <td />
            <td />
          </tr>
          <tr>
            <td />
            <td />
            <td />
            <td />
          </tr>
          <tr>
            <td />
            <td />
            <td />
            <td />
          </tr>
          <tr>
            <td />
            <td />
            <td />
            <td />
          </tr>
          <tr>
            <td />
            <td />
            <td />
            <td />
          </tr>
        </tbody>
      </table>
    </section>
    <section
      className="MemberInfo"
    >
      <div
        className="infoTitle"
      >
         Info du membre
      </div>
      
    </section>
  </section>,
]
`;

exports[`Search component Search not connected snapshot test 1`] = `null`;
